[wwsthemes.com/themes/medwise/v1.3/home-version-1.html]
[backblue.gif]
[fade.gif]
[index.html]
[wwsthemes.com/themes/medwise/v1.3/favicon.ico]
[wwsthemes.com/themes/medwise/v1.3/css/bootstrap.min.css]
[wwsthemes.com/themes/medwise/v1.3/css/font-awesome.min.css]
[wwsthemes.com/themes/medwise/v1.3/css/medical-icons.css]
[wwsthemes.com/themes/medwise/v1.3/css/vendors.css]
[wwsthemes.com/themes/medwise/v1.3/css/style.css]
[wwsthemes.com/themes/medwise/v1.3/css/components.css]
[www.google-analytics.com/analytics.js]
[wwsthemes.com/themes/medwise/v1.3/images/logo-dark.png]
[wwsthemes.com/themes/medwise/v1.3/home-version-2.html]
[wwsthemes.com/themes/medwise/v1.3/home-version-3.html]
[wwsthemes.com/themes/medwise/v1.3/doctors-style-1.html]
[wwsthemes.com/themes/medwise/v1.3/doctors-style-2.html]
[wwsthemes.com/themes/medwise/v1.3/doctors-mini.html]
[wwsthemes.com/themes/medwise/v1.3/doctor-single.html]
[wwsthemes.com/themes/medwise/v1.3/doctor-single-sidebar.html]
[wwsthemes.com/themes/medwise/v1.3/departments-style-1.html]
[wwsthemes.com/themes/medwise/v1.3/departments-style-2.html]
[wwsthemes.com/themes/medwise/v1.3/departments-mini.html]
[wwsthemes.com/themes/medwise/v1.3/departments-list.html]
[wwsthemes.com/themes/medwise/v1.3/department-single.html]
[wwsthemes.com/themes/medwise/v1.3/department-single-sidebar.html]
[wwsthemes.com/themes/medwise/v1.3/appointment-advanced.html]
[wwsthemes.com/themes/medwise/v1.3/appointment-basic.html]
[wwsthemes.com/themes/medwise/v1.3/book-appointment-form.html]
[wwsthemes.com/themes/medwise/v1.3/about.html]
[wwsthemes.com/themes/medwise/v1.3/why-us.html]
[wwsthemes.com/themes/medwise/v1.3/process.html]
[wwsthemes.com/themes/medwise/v1.3/features.html]
[wwsthemes.com/themes/medwise/v1.3/testimonials.html]
[wwsthemes.com/themes/medwise/v1.3/careers.html]
[wwsthemes.com/themes/medwise/v1.3/gallery.html]
[wwsthemes.com/themes/medwise/v1.3/events.html]
[wwsthemes.com/themes/medwise/v1.3/download-app.html]
[wwsthemes.com/themes/medwise/v1.3/pricing-tables.html]
[wwsthemes.com/themes/medwise/v1.3/offers.html]
[wwsthemes.com/themes/medwise/v1.3/dos-donts.html]
[wwsthemes.com/themes/medwise/v1.3/question-answer.html]
[wwsthemes.com/themes/medwise/v1.3/policies.html]
[wwsthemes.com/themes/medwise/v1.3/coming-soon.html]
[wwsthemes.com/themes/medwise/v1.3/404.html]
[wwsthemes.com/themes/medwise/v1.3/images/doc-3.png]
[wwsthemes.com/themes/medwise/v1.3/page-style-1.html]
[wwsthemes.com/themes/medwise/v1.3/page-style-2.html]
[wwsthemes.com/themes/medwise/v1.3/page-style-3.html]
[wwsthemes.com/themes/medwise/v1.3/call-to-action.html]
[wwsthemes.com/themes/medwise/v1.3/subscribe.html]
[wwsthemes.com/themes/medwise/v1.3/call-out.html]
[wwsthemes.com/themes/medwise/v1.3/icon-boxes.html]
[wwsthemes.com/themes/medwise/v1.3/accordion.html]
[wwsthemes.com/themes/medwise/v1.3/tabs.html]
[wwsthemes.com/themes/medwise/v1.3/progress-bar.html]
[wwsthemes.com/themes/medwise/v1.3/modals.html]
[wwsthemes.com/themes/medwise/v1.3/carousels.html]
[wwsthemes.com/themes/medwise/v1.3/medical-icons.html]
[wwsthemes.com/themes/medwise/v1.3/text-sections.html]
[wwsthemes.com/themes/medwise/v1.3/quick-contact.html]
[wwsthemes.com/themes/medwise/v1.3/video.html]
[wwsthemes.com/themes/medwise/v1.3/counters.html]
[wwsthemes.com/themes/medwise/v1.3/social-media.html]
[wwsthemes.com/themes/medwise/v1.3/blog-list.html]
[wwsthemes.com/themes/medwise/v1.3/blog-single.html]
[wwsthemes.com/themes/medwise/v1.3/widgets.html]
[wwsthemes.com/themes/medwise/v1.3/contact-1.html]
[wwsthemes.com/themes/medwise/v1.3/contact-2.html]
[wwsthemes.com/themes/medwise/v1.3/contact-3.html]
[wwsthemes.com/themes/medwise/v1.3/images/slider-hero.jpg]
[wwsthemes.com/themes/medwise/v1.3/images/doctor-bg-1.jpg]
[wwsthemes.com/themes/medwise/v1.3/images/doctor-small-1.jpg]
[wwsthemes.com/themes/medwise/v1.3/images/doctor-small-2.jpg]
[wwsthemes.com/themes/medwise/v1.3/images/doctor-small-3.jpg]
[wwsthemes.com/themes/medwise/v1.3/images/doctor-mini-3.jpg]
[wwsthemes.com/themes/medwise/v1.3/images/doctor-mini-1.jpg]
[wwsthemes.com/themes/medwise/v1.3/images/doctor-mini-2.jpg]
[wwsthemes.com/themes/medwise/v1.3/images/1920-600-dark.jpg]
[wwsthemes.com/themes/medwise/v1.3/images/testi-1.jpg]
[wwsthemes.com/themes/medwise/v1.3/images/testi-2.jpg]
[wwsthemes.com/themes/medwise/v1.3/images/1920-850-dark.jpg]
[wwsthemes.com/themes/medwise/v1.3/images/flickr-1.jpg]
[wwsthemes.com/themes/medwise/v1.3/images/flickr-2.jpg]
[wwsthemes.com/themes/medwise/v1.3/images/flickr-3.jpg]
[wwsthemes.com/themes/medwise/v1.3/images/modal-background.jpg]
[wwsthemes.com/themes/medwise/v1.3/js/jquery.min.js]
[wwsthemes.com/themes/medwise/v1.3/js/bootstrap.min.js]
[wwsthemes.com/themes/medwise/v1.3/js/bootstrap-select.min.js]
[wwsthemes.com/themes/medwise/v1.3/js/jquery.appear.js]
[wwsthemes.com/themes/medwise/v1.3/js/jquery.countTo.js]
[wwsthemes.com/themes/medwise/v1.3/js/owl.carousel.min.js]
[wwsthemes.com/themes/medwise/v1.3/home-version-1.html]
[wwsthemes.com/themes/medwise/v1.3/fonts/glyphicons-halflings-regular.eot]
[wwsthemes.com/themes/medwise/v1.3/js/script.js]
[wwsthemes.com/themes/medwise/v1.3/js/jquery-ui.min.js]
[wwsthemes.com/themes/medwise/v1.3/fonts/glyphicons-halflings-regulard41d.eot]
[wwsthemes.com/themes/medwise/v1.3/fonts/glyphicons-halflings-regular.woff]
[wwsthemes.com/themes/medwise/v1.3/fonts/glyphicons-halflings-regular.woff2]
[wwsthemes.com/themes/medwise/v1.3/fonts/glyphicons-halflings-regular.ttf]
[wwsthemes.com/themes/medwise/v1.3/css/bootstrap.min.css]
[wwsthemes.com/themes/medwise/v1.3/fonts/fontawesome-webfont5b62.eot]
[wwsthemes.com/themes/medwise/v1.3/fonts/fontawesome-webfontd41d.eot]
[wwsthemes.com/themes/medwise/v1.3/fonts/fontawesome-webfont5b62.woff]
[wwsthemes.com/themes/medwise/v1.3/fonts/fontawesome-webfont5b62.ttf]
[wwsthemes.com/themes/medwise/v1.3/css/font-awesome.min.css]
[wwsthemes.com/themes/medwise/v1.3/fonts/webfont-medical-icons.eot]
[wwsthemes.com/themes/medwise/v1.3/fonts/fontawesome-webfont5b62.woff2]
[wwsthemes.com/themes/medwise/v1.3/fonts/webfont-medical-icons.ttf]
[wwsthemes.com/themes/medwise/v1.3/fonts/webfont-medical-iconsd41d.eot]
[wwsthemes.com/themes/medwise/v1.3/fonts/webfont-medical-icons.woff]
[wwsthemes.com/themes/medwise/v1.3/css/medical-icons.css]
[wwsthemes.com/themes/medwise/v1.3/css/owl.video.play.png]
[wwsthemes.com/themes/medwise/v1.3/images/prettyPhoto/default/sprite.png]
[wwsthemes.com/themes/medwise/v1.3/images/prettyPhoto/default/sprite_x.png]
[wwsthemes.com/themes/medwise/v1.3/images/prettyPhoto/default/sprite_y.png]
[wwsthemes.com/themes/medwise/v1.3/images/prettyPhoto/default/sprite_next.png]
[wwsthemes.com/themes/medwise/v1.3/images/prettyPhoto/default/sprite_prev.png]
[wwsthemes.com/themes/medwise/v1.3/images/prettyPhoto/default/default_thumb.png]
[wwsthemes.com/themes/medwise/v1.3/images/prettyPhoto/default/loader.gif]
[wwsthemes.com/themes/medwise/v1.3/images/prettyPhoto/light_rounded/sprite.png]
[wwsthemes.com/themes/medwise/v1.3/images/prettyPhoto/light_rounded/btnNext.png]
[wwsthemes.com/themes/medwise/v1.3/images/prettyPhoto/light_rounded/btnPrevious.png]
[wwsthemes.com/themes/medwise/v1.3/images/prettyPhoto/dark_rounded/sprite.png]
[wwsthemes.com/themes/medwise/v1.3/images/prettyPhoto/dark_rounded/contentPattern.png]
[wwsthemes.com/themes/medwise/v1.3/images/prettyPhoto/dark_rounded/btnNext.png]
[wwsthemes.com/themes/medwise/v1.3/images/prettyPhoto/dark_rounded/btnPrevious.png]
[wwsthemes.com/themes/medwise/v1.3/images/prettyPhoto/dark_rounded/loader.gif]
[wwsthemes.com/themes/medwise/v1.3/images/prettyPhoto/dark_square/loader.gif]
[wwsthemes.com/themes/medwise/v1.3/images/prettyPhoto/dark_square/sprite.png]
[wwsthemes.com/themes/medwise/v1.3/images/prettyPhoto/dark_square/btnNext.png]
[wwsthemes.com/themes/medwise/v1.3/images/prettyPhoto/dark_square/btnPrevious.png]
[wwsthemes.com/themes/medwise/v1.3/images/prettyPhoto/light_square/sprite.png]
[wwsthemes.com/themes/medwise/v1.3/images/prettyPhoto/light_square/btnNext.png]
[wwsthemes.com/themes/medwise/v1.3/images/prettyPhoto/light_square/btnPrevious.png]
[wwsthemes.com/themes/medwise/v1.3/images/prettyPhoto/facebook/sprite.png]
[wwsthemes.com/themes/medwise/v1.3/images/prettyPhoto/facebook/contentPatternTop.png]
[wwsthemes.com/themes/medwise/v1.3/images/prettyPhoto/facebook/contentPatternLeft.png]
[wwsthemes.com/themes/medwise/v1.3/images/prettyPhoto/facebook/contentPatternRight.png]
[wwsthemes.com/themes/medwise/v1.3/images/prettyPhoto/facebook/loader.gif]
[wwsthemes.com/themes/medwise/v1.3/images/prettyPhoto/facebook/btnNext.png]
[wwsthemes.com/themes/medwise/v1.3/images/prettyPhoto/facebook/btnPrevious.png]
[wwsthemes.com/themes/medwise/v1.3/images/prettyPhoto/facebook/contentPatternBottom.png]
[wwsthemes.com/themes/medwise/v1.3/images/prettyPhoto/facebook/default_thumbnail.gif]
[wwsthemes.com/themes/medwise/v1.3/images/prettyPhoto/light_rounded/loader.gif]
[wwsthemes.com/themes/medwise/v1.3/css/vendors.css]
[wwsthemes.com/themes/medwise/v1.3/images/dos.png]
[wwsthemes.com/themes/medwise/v1.3/images/dont.png]
[wwsthemes.com/themes/medwise/v1.3/css/style.css]
[wwsthemes.com/themes/medwise/v1.3/images/page-header-1.jpg]
[wwsthemes.com/themes/medwise/v1.3/images/page-header-2.jpg]
[wwsthemes.com/themes/medwise/v1.3/images/page-header-3.png]
[wwsthemes.com/themes/medwise/v1.3/images/accordion-background.jpg]
[wwsthemes.com/themes/medwise/v1.3/css/components.css]
[wwsthemes.com/themes/medwise/v1.3/slider-revolution/css/settings.css]
[wwsthemes.com/themes/medwise/v1.3/slider-revolution/css/layers.css]
[wwsthemes.com/themes/medwise/v1.3/images/logo.png]
[wwsthemes.com/themes/medwise/v1.3/slider-revolution/css/navigation.css]
[wwsthemes.com/themes/medwise/v1.3/images/dummy.jpg]
[wwsthemes.com/themes/medwise/v1.3/images/doc-2.png]
[wwsthemes.com/themes/medwise/v1.3/images/doc-1.png]
[wwsthemes.com/themes/medwise/v1.3/images/download-app.png]
[wwsthemes.com/themes/medwise/v1.3/images/850-450-normal-1.jpg]
[wwsthemes.com/themes/medwise/v1.3/images/850-450-normal-2.jpg]
[wwsthemes.com/themes/medwise/v1.3/images/1920-1200-normal.jpg]
[wwsthemes.com/themes/medwise/v1.3/images/850-600-normal-1.jpg]
[wwsthemes.com/themes/medwise/v1.3/images/850-600-normal-2.jpg]
[wwsthemes.com/themes/medwise/v1.3/images/850-600-normal-3.jpg]
[wwsthemes.com/themes/medwise/v1.3/slider-revolution/js/jquery.themepunch.tools.min.js]
[wwsthemes.com/themes/medwise/v1.3/slider-revolution/js/extensions/revolution.extension.parallax.min.js]
[wwsthemes.com/themes/medwise/v1.3/slider-revolution/js/extensions/revolution.extension.video.min.js]
[wwsthemes.com/themes/medwise/v1.3/slider-revolution/js/jquery.themepunch.revolution.min.js]
[wwsthemes.com/themes/medwise/v1.3/slider-revolution/js/extensions/revolution.extension.slideanims.min.js]
[wwsthemes.com/themes/medwise/v1.3/home-version-2.html]
[wwsthemes.com/themes/medwise/v1.3/slider-revolution/js/extensions/revolution.extension.navigation.min.js]
[wwsthemes.com/themes/medwise/v1.3/slider-revolution/js/extensions/revolution.extension.layeranimation.min.js]
[wwsthemes.com/themes/medwise/v1.3/images/doctor-bg-2.jpg]
[wwsthemes.com/themes/medwise/v1.3/images/logo-1.jpg]
[wwsthemes.com/themes/medwise/v1.3/images/logo-2.jpg]
[wwsthemes.com/themes/medwise/v1.3/images/logo-3.jpg]
[wwsthemes.com/themes/medwise/v1.3/images/logo-4.jpg]
[wwsthemes.com/themes/medwise/v1.3/images/logo-5.jpg]
[wwsthemes.com/themes/medwise/v1.3/images/logo-6.jpg]
[wwsthemes.com/themes/medwise/v1.3/images/events-1.jpg]
[wwsthemes.com/themes/medwise/v1.3/images/events-2.jpg]
[wwsthemes.com/themes/medwise/v1.3/home-version-3.html]
[wwsthemes.com/themes/medwise/v1.3/doctors-style-1.html]
[wwsthemes.com/themes/medwise/v1.3/doctors-style-2.html]
[wwsthemes.com/themes/medwise/v1.3/doctors-mini.html]
[wwsthemes.com/themes/medwise/v1.3/images/doctor-single.jpg]
[wwsthemes.com/themes/medwise/v1.3/js/circle-progress.min.js]
[wwsthemes.com/themes/medwise/v1.3/doctor-single.html]
[wwsthemes.com/themes/medwise/v1.3/doctor-single-sidebar.html]
[wwsthemes.com/themes/medwise/v1.3/departments-style-1.html]
[wwsthemes.com/themes/medwise/v1.3/images/department-1.jpg]
[wwsthemes.com/themes/medwise/v1.3/images/department-2.jpg]
[wwsthemes.com/themes/medwise/v1.3/images/department-3.jpg]
[wwsthemes.com/themes/medwise/v1.3/departments-style-2.html]
[wwsthemes.com/themes/medwise/v1.3/departments-mini.html]
[wwsthemes.com/themes/medwise/v1.3/departments-list.html]
[wwsthemes.com/themes/medwise/v1.3/department-single.html]
[wwsthemes.com/themes/medwise/v1.3/department-single-sidebar.html]
[wwsthemes.com/themes/medwise/v1.3/appointment-advanced.html]
[wwsthemes.com/themes/medwise/v1.3/appointment-basic.html]
[wwsthemes.com/themes/medwise/v1.3/book-appointment-form.html]
[wwsthemes.com/themes/medwise/v1.3/images/1920-1000-normal.jpg]
[wwsthemes.com/themes/medwise/v1.3/about.html]
[wwsthemes.com/themes/medwise/v1.3/why-us.html]
[wwsthemes.com/themes/medwise/v1.3/process.html]
[wwsthemes.com/themes/medwise/v1.3/features.html]
[wwsthemes.com/themes/medwise/v1.3/testimonials.html]
[wwsthemes.com/themes/medwise/v1.3/careers.html]
[wwsthemes.com/themes/medwise/v1.3/images/gallery-1.jpg]
[wwsthemes.com/themes/medwise/v1.3/images/gallery-1-small.jpg]
[wwsthemes.com/themes/medwise/v1.3/images/gallery-2.jpg]
[wwsthemes.com/themes/medwise/v1.3/images/gallery-2-small.jpg]
[wwsthemes.com/themes/medwise/v1.3/images/gallery-3.jpg]
[wwsthemes.com/themes/medwise/v1.3/images/gallery-3-small.jpg]
[wwsthemes.com/themes/medwise/v1.3/images/gallery-4.jpg]
[wwsthemes.com/themes/medwise/v1.3/images/gallery-4-small.jpg]
[wwsthemes.com/themes/medwise/v1.3/images/gallery-5.jpg]
[wwsthemes.com/themes/medwise/v1.3/images/gallery-5-small.jpg]
[wwsthemes.com/themes/medwise/v1.3/images/gallery-6.jpg]
[wwsthemes.com/themes/medwise/v1.3/images/gallery-6-small.jpg]
[wwsthemes.com/themes/medwise/v1.3/gallery.html]
[wwsthemes.com/themes/medwise/v1.3/images/events-3.jpg]
[wwsthemes.com/themes/medwise/v1.3/js/jquery.prettyPhoto.js]
[wwsthemes.com/themes/medwise/v1.3/images/events-4.jpg]
[wwsthemes.com/themes/medwise/v1.3/events.html]
[wwsthemes.com/themes/medwise/v1.3/download-app.html]
[wwsthemes.com/themes/medwise/v1.3/pricing-tables.html]
[wwsthemes.com/themes/medwise/v1.3/offers.html]
[wwsthemes.com/themes/medwise/v1.3/dos-donts.html]
[wwsthemes.com/themes/medwise/v1.3/question-answer.html]
[wwsthemes.com/themes/medwise/v1.3/policies.html]
[wwsthemes.com/themes/medwise/v1.3/js/jquery.countdown.min.js]
[wwsthemes.com/themes/medwise/v1.3/coming-soon.html]
[wwsthemes.com/themes/medwise/v1.3/404.html]
[wwsthemes.com/themes/medwise/v1.3/page-style-1.html]
[wwsthemes.com/themes/medwise/v1.3/page-style-2.html]
[wwsthemes.com/themes/medwise/v1.3/page-style-3.html]
[wwsthemes.com/themes/medwise/v1.3/images/1920-600-light.jpg]
[wwsthemes.com/themes/medwise/v1.3/call-to-action.html]
[wwsthemes.com/themes/medwise/v1.3/subscribe.html]
[wwsthemes.com/themes/medwise/v1.3/call-out.html]
[wwsthemes.com/themes/medwise/v1.3/icon-boxes.html]
[wwsthemes.com/themes/medwise/v1.3/accordion.html]
[wwsthemes.com/themes/medwise/v1.3/tabs.html]
[wwsthemes.com/themes/medwise/v1.3/progress-bar.html]
[wwsthemes.com/themes/medwise/v1.3/modals.html]
[wwsthemes.com/themes/medwise/v1.3/carousels.html]
[wwsthemes.com/themes/medwise/v1.3/medical-icons.html]
[wwsthemes.com/themes/medwise/v1.3/text-sections.html]
[wwsthemes.com/themes/medwise/v1.3/quick-contact.html]
[wwsthemes.com/themes/medwise/v1.3/video.html]
[wwsthemes.com/themes/medwise/v1.3/counters.html]
[wwsthemes.com/themes/medwise/v1.3/social-media.html]
[wwsthemes.com/themes/medwise/v1.3/blog-list.html]
[wwsthemes.com/themes/medwise/v1.3/images/350-350-normal.jpg]
[wwsthemes.com/themes/medwise/v1.3/images/blog-author.jpg]
[wwsthemes.com/themes/medwise/v1.3/images/comment-author.jpg]
[wwsthemes.com/themes/medwise/v1.3/blog-single.html]
[wwsthemes.com/themes/medwise/v1.3/widgets.html]
[wwsthemes.com/themes/medwise/v1.3/js/jquery.form.min.js]
[wwsthemes.com/themes/medwise/v1.3/contact-1.html]
[wwsthemes.com/themes/medwise/v1.3/contact-2.html]
[wwsthemes.com/themes/medwise/v1.3/contact-3.html]
[wwsthemes.com/themes/medwise/v1.3/fonts/glyphicons-halflings-regular.svg]
[wwsthemes.com/themes/medwise/v1.3/fonts/fontawesome-webfont5b62.svg]
[wwsthemes.com/themes/medwise/v1.3/fonts/webfont-medical-icons.svg]
[wwsthemes.com/themes/medwise/v1.3/css/owl.video.play.html]
[wwsthemes.com/themes/medwise/v1.3/slider-revolution/fonts/revicons/revicons90c6.eot]
[wwsthemes.com/themes/medwise/v1.3/js/jquery.validate.min.js]
[wwsthemes.com/themes/medwise/v1.3/slider-revolution/fonts/revicons/revicons90c6.woff]
[wwsthemes.com/themes/medwise/v1.3/slider-revolution/fonts/revicons/revicons90c6.ttf]
[wwsthemes.com/themes/medwise/v1.3/slider-revolution/css/openhand.cur]
[wwsthemes.com/themes/medwise/v1.3/slider-revolution/css/closedhand.cur]
[wwsthemes.com/themes/medwise/v1.3/slider-revolution/assets/gridtile.png]
[wwsthemes.com/themes/medwise/v1.3/slider-revolution/assets/gridtile_white.png]
[wwsthemes.com/themes/medwise/v1.3/slider-revolution/assets/gridtile_3x3.png]
[wwsthemes.com/themes/medwise/v1.3/slider-revolution/assets/gridtile_3x3_white.png]
[wwsthemes.com/themes/medwise/v1.3/slider-revolution/assets/coloredbg.png]
[wwsthemes.com/themes/medwise/v1.3/slider-revolution/assets/loader.gif]
[wwsthemes.com/themes/medwise/v1.3/slider-revolution/css/settings.css]
[wwsthemes.com/themes/medwise/v1.3/slider-revolution/css/layers.css]
[wwsthemes.com/themes/medwise/v1.3/slider-revolution/css/navigation.css]
[wwsthemes.com/themes/medwise/v1.3/images/gallery-4.html]
[wwsthemes.com/themes/medwise/v1.3/slider-revolution/fonts/revicons/revicons90c6.svg]
